
Two layers: does putting the INNER coefficients on the lattice make the network solvable?

    layer 1:  Z₁ = e^{W_a}·X₁^{w₁} + e^{W_b}·X₂^{w₂}        (inner Σ; its coefficients sit inside layer 2's Log)
    layer 2:  y  = A₂ · Z₁^{v} · X₃                        (outer readout A₂: least squares)

teacher:  W_a = 1/2, W_b = −1, w₁ = 1, w₂ = 2, v = 1/2, A₂ = (0.7, −0.1, 0.2, 0.05)
seed:     W_a = W_b = 0, w₁ = w₂ = 1, v = 1                (Z₁ = X₁ + X₂, y = A₂ Z₁ X₃)

(i)   lattice inner coefficients: every parameter but A₂ is a ledger; ledger moves on all channels of both layers,
      A₂ by LS for every candidate (variable projection restored), accept the best improvement.
(ii)  float inner coefficients: the same discrete search over the exponents, but the inner A₁ is continuous and
      solved by alternating Gauss–Newton (A₂ LS ↔ A₁ Levenberg–Marquardt via autograd) for every candidate.
(iii) off-lattice teacher (W_a = 0.53): (i) finds the nearest lattice point; then A₁ is refit in float from there.
Success is gauge-invariant (Z₁ ↦ cZ₁ is absorbed by A₂): the coefficient ratio e^{W_a − W_b} = e^{3/2} and the
exponents (w₁, w₂, v) = (1, 2, 1/2).   python physics/two_layer_lattice.py

== (i) inner coefficients on the lattice, A₂ by LS
  seed 0: rel mse 7.52e-04  steps 2  evals 840   0.6s  exponents ('1', '1', '2/3')  W_a−W_b 1/3  wrong
  seed 1: rel mse 6.70e-04  steps 2  evals 840   0.6s  exponents ('1', '1', '2/3')  W_a−W_b 1/3  wrong
  seed 2: rel mse 8.11e-04  steps 2  evals 840   0.6s  exponents ('1', '1', '2/3')  W_a−W_b 1/3  wrong
  seed 3: rel mse 8.16e-04  steps 2  evals 840   0.6s  exponents ('1', '1', '2/3')  W_a−W_b 1/3  wrong
  seed 4: rel mse 7.91e-04  steps 2  evals 840   0.6s  exponents ('1', '1', '2/3')  W_a−W_b 1/3  wrong
  seed 5: rel mse 8.05e-04  steps 2  evals 840   0.6s  exponents ('1', '1', '2/3')  W_a−W_b 1/3  wrong
  seed 6: rel mse 8.18e-04  steps 2  evals 840   0.6s  exponents ('1', '1', '2/3')  W_a−W_b 1/3  wrong
  seed 7: rel mse 6.92e-04  steps 2  evals 840   0.6s  exponents ('1', '1', '2/3')  W_a−W_b 1/3  wrong
  0/8

== (ii) inner coefficients float (alternating LS/LM), the same discrete search over the exponents
